
   Bertini(TM) v1.7.0
    (July 15, 2025)

 D.J. Bates, J.D. Hauenstein,
 A.J. Sommese, C.W. Wampler

(using GMP v6.3.0, MPFR v4.2.2)



NOTE: You have requested to use adaptive path tracking.  Please make sure that you have
setup the following tolerances appropriately:
CoeffBound: 7.899154000000e+01, DegreeBound: 5.000000000000e+00
AMPSafetyDigits1: 1, AMPSafetyDigits2: 1, AMPMaxPrec: 1024

Tracking path 0 of 240
Tracking path 20 of 240
Tracking path 40 of 240
Tracking path 60 of 240
Tracking path 80 of 240
Tracking path 100 of 240
Tracking path 120 of 240
Tracking path 140 of 240
Tracking path 160 of 240
Tracking path 180 of 240
Tracking path 200 of 240
Tracking path 220 of 240

Finite Solution Summary

NOTE: nonsingular vs singular is based on condition number and identical endpoints

		| Number of real solns	|  Number of non-real solns	|  Total
------------------------------------------------------------------------------------------
Non-singular	|	20		|		20		|   40
Singular	|	0		|		0		|   0
------------------------------------------------------------------------------------------
Total		|	20		|		20		|   40


Finite Multiplicity Summary

  Multiplicity	|  Number of real solns	|  Number of non-real solns
------------------------------------------------------------------------------------------
	1	|	20		|	20


------------------------------------------------------------------------------------------
The following files may be of interest to you:

main_data:             A human-readable version of the solutions - main output file.
raw_solutions:         A list of the solutions with the corresponding path numbers.
raw_data:              Similar to the previous, but with the points in Bertini's homogeneous
                         coordinates along with more information about the solutions.
real_finite_solutions: A list of all real finite solutions.
finite_solutions:      A list of all finite solutions.
nonsingular_solutions: A list of all nonsingular solutions.
singular_solutions:    A list of all singular solutions.
------------------------------------------------------------------------------------------

Paths Tracked: 240
 Truncated infinite paths: 200 - try adjusting SecurityMaxNorm or set SecurityLevel to 1 in the input file
   Please see 'failed_paths' for more information about these paths.

